["Hcedilla", "Oogonek", "hcedilla", "idotless", "oogonek", "germandbls.cv05", "germandbls.cv12", "ge-cy.loclBGR", "ii-cy.loclBGR", "iishort-cy.loclBGR", "iigrave-cy.loclBGR", "pe-cy.loclBGR", "te-cy.loclBGR", "tse-cy.loclBGR", "sha-cy.loclBGR", "shcha-cy.loclBGR", "softsign-cy.loclBGR", "hardsign-cy.loclBGR", "ia-cy.loclBGR", "Alpha", "Beta", "Gamma", "Delta.002", "Epsilon", "Zeta", "Eta", "Theta", "Iota", "Kappa", "Lambda", "Mu", "Nu", "Xi", "Omicron", "Pi", "Rho", "Sigma", "Tau", "Upsilon", "Phi", "Chi", "Psi", "Omega.001", "Alphatonos", "Epsilontonos", "Etatonos", "Iotatonos", "Omicrontonos", "Upsilontonos", "Omegatonos", "Iotadieresis", "Upsilondieresis", "Delta.001", "alpha", "beta", "gamma", "delta", "epsilon", "zeta", "eta", "theta", "iota", "kappa", "lambda", "mu.001", "nu", "xi", "omicron", "rho", "sigmafinal", "sigma", "tau", "upsilon", "phi", "chi", "psi", "omega", "iotatonos", "iotadieresis", "iotadieresistonos", "upsilontonos", "upsilondieresis", "upsilondieresistonos", "omicrontonos", "omegatonos", "alphatonos", "epsilontonos", "etatonos", "alpha.alt01", "alphatonos.alt01", "mu.001.alt", "narrownbspace", "anoteleia", "questiongreek", "colon.valign_eq", "colon.valign_num", "hyphen_hyphen.liga", "parenleft_asterisk.liga", "braceleft_bar.liga", "bracketleft_bar.liga", "bracketright_numbersign.liga", "period_period.liga", "period_period_period.liga", "period_period_equal.liga", "period_period_less.liga", "period_question.liga", "colon_colon.liga", "colon_colon_colon.liga", "colon_colon_equal.liga", "colon_equal.liga", "semicolon_semicolon.liga", "exclam_exclam.liga", "exclam_exclam_period.liga", "exclam_equal.liga", "exclam_equal_equal.liga", "question_period.liga", "question_question.liga", "question_equal.liga", "asterisk_parenright.liga", "asterisk_asterisk.liga", "asterisk_asterisk_asterisk.liga", "asterisk_greater.liga", "asterisk_slash.liga", "numbersign_parenleft.liga", "numbersign_braceleft.liga", "numbersign_bracketleft.liga", "numbersign_colon.liga", "numbersign_exclam.liga", "numbersign_question.liga", "numbersign_equal.liga", "slash_asterisk.liga", "slash_greater.liga", "slash_slash.liga", "slash_slash_slash.liga", "underscore_underscore_parenleft.liga", "hyphen_end.seq", "hyphen_middle.seq", "hyphen_start.seq", "colon_equal_middle.seq", "exclam_equal_middle.seq", "numbersign_end.seq", "numbersign_middle.seq", "numbersign_start.seq", "slash_equal_end.seq", "slash_equal_middle.seq", "slash_equal_start.seq", "slash_slash_equal_end.seq", "slash_slash_equal_middle.seq", "slash_slash_equal_start.seq", "underscore_end.seq", "underscore_middle.seq", "underscore_start.seq", "exclam_equal.liga.ss02", "exclam_equal_equal.liga.ss02", "numbersign_end.ss04.seq", "numbersign_middle.ss04.seq", "numbersign_start.ss04.seq", "asterisk.cv10", "period.spacer", "colon.spacer", "semicolon.spacer", "exclam.spacer", "question.spacer", "asterisk.spacer", "numbersign.spacer", "slash.spacer", "backslash.ss03", "hyphentwo", "nonbreakinghyphen", "hyphen.spacer", "underscore.spacer", "parenleft.spacer", "braceleft.spacer", "bracketleft.spacer", "bracketright.spacer", "guillemetleft", "guillemetright", "ampersand_ampersand.liga", "bar_braceright.liga", "bar_bracketright.liga", "bar_bar.liga", "bar_bar_bar.liga", "bar_bar_bar_greater.liga", "bar_bar_greater.liga", "bar_greater.liga", "dollar_greater.liga", "plus_plus.liga", "plus_plus_plus.liga", "plus_greater.liga", "equal_colon_equal.liga", "equal_exclam_equal.liga", "equal_equal.liga", "equal_equal_equal.liga", "greater_equal.liga", "greater_greater.liga", "greater_greater_greater.liga", "less_exclam_hyphen_hyphen.liga", "less_asterisk.liga", "less_asterisk_greater.liga", "less_bar.liga", "less_bar_bar.liga", "less_bar_bar_bar.liga", "less_bar_greater.liga", "less_dollar.liga", "less_dollar_greater.liga", "less_plus.liga", "less_plus_greater.liga", "less_equal.liga", "less_greater.liga", "less_less.liga", "less_less_less.liga", "less_asciitilde.liga", "less_asciitilde_greater.liga", "less_asciitilde_asciitilde.liga", "less_slash.liga", "less_slash_greater.liga", "asciitilde_greater.liga", "asciitilde_asciitilde.liga", "asciitilde_asciitilde_greater.liga", "asciicircum_equal.liga", "percent_percent.liga", "bar_hyphen_end.seq", "bar_hyphen_middle.seq", "bar_hyphen_start.seq", "bar_bar_hyphen_end.seq", "bar_bar_hyphen_middle.seq", "bar_bar_hyphen_start.seq", "bar_bar_equal_end.seq", "bar_bar_equal_middle.seq", "bar_bar_equal_start.seq", "bar_equal_end.seq", "bar_equal_middle.seq", "bar_equal_start.seq", "bar_underscore_middle.seq", "equal_end.seq", "equal_middle.seq", "equal_start.seq", "greater_hyphen_end.seq", "greater_hyphen_middle.seq", "greater_hyphen_start.seq", "greater_equal_end.seq", "greater_equal_middle.seq", "greater_equal_start.seq", "greater_greater_hyphen_end.seq", "greater_greater_hyphen_middle.seq", "greater_greater_hyphen_start.seq", "greater_greater_equal_end.seq", "greater_greater_equal_middle.seq", "greater_greater_equal_start.seq", "less_hyphen_end.seq", "less_hyphen_middle.seq", "less_hyphen_start.seq", "less_equal_end.seq", "less_equal_middle.seq", "less_equal_start.seq", "less_less_hyphen_end.seq", "less_less_hyphen_middle.seq", "less_less_hyphen_start.seq", "less_less_equal_end.seq", "less_less_equal_middle.seq", "less_less_equal_start.seq", "greater_equal.liga.cv08", "less_equal.liga.cv08", "dollar_greater.liga.cv09", "less_dollar.liga.cv09", "less_dollar_greater.liga.cv09", "bar_greater.liga.cv11", "less_bar.liga.cv11", "equal_equal.liga.ss02", "equal_equal_equal.liga.ss02", "powerSymbol", "powerOnOffSymbol", "heavyCircle", "powerOnSymbol", "powerSleepSymbol", "ampersand.spacer", "bar.spacer", "euro", "cent.cv09", "dollar.cv09", "dollar.spacer", "ratio", "greater.center", "less.center", "asciitilde.original", "plus.spacer", "equal.spacer", "greater.spacer", "less.spacer", "asciitilde.spacer", "asciicircum.spacer", "percent.spacer", "upArrow", "upArrowright", "rightArrow", "downArrowright", "downArrow", "downArrowleft", "leftArrow", "upArrowleft", "leftArrowright", "upArrowdown", "upArrowleftcorner", "upArrowrightcorner", "downArrowleftcorner", "downArrowrightcorner", "rightArrowdowncorner", "rightArrowupcorner", "leftArrowdowncorner", "leftArrowupcorner", "downArrowcounterclockhalf", "downArrowclockhalf", "upArrowleftcounterclock", "upArrowrightclock", "rightArrowleftArrow", "leftArrowrightArrow", "dneighthfullBlock", "dnquarterfullBlock", "dnthreeeighthsfullBlock", "dnhalffullBlock", "dnfiveeighthsfullBlock", "dnthreequartersfullBlock", "dnseveneighthsfullBlock", "fullfullBlock", "uphalffullBlock", "upeighthfullBlock", "lefteighthfullBlock", "leftquarterfullBlock", "leftthreeeighthsfullBlock", "lefthalffullBlock", "leftfiveeighthsfullBlock", "leftthreequartersfullBlock", "leftseveneighthsfullBlock", "righthalffullBlock", "righteighthfullBlock", "lightshademedium", "mediumshademedium", "darkshademedium", "blackCircle", "whiteCircle", "largeCircle", "leftHalfBlackWhiteCircle", "rightHalfBlackWhiteCircle", "lowerHalfBlackWhiteCircle", "upperHalfBlackWhiteCircle", "leftHalfBlackCircle", "rightHalfBlackCircle", "upperRightBlackCircle", "upperLeftArc", "upperRightArc", "lowerRightArc", "lowerLeftArc", "tonos", "tonos.case", "dieresistonos", "uniE0A0", "uniE0A1", "uniE0A2", "uniE0B0", "uniE0B1", "uniE0B2", "uniE0B3", "dotlessjdotbelow", "idotlessdotbelow", "idotlessogonek", "st.ordn", "upArrowleftcounterclock.alt01", "upArrowrightclock.alt01"]